// Jest Snapshot v1, https://goo.gl/fbAQLP

exports[`matches snapshot 1`] = `
<footer
  className="sc-AxjAm eAZDYz"
>
  <div
    className="sc-AxiKw gGZwqz"
  >
    <p
      className="sc-AxhCb kqIPop"
    >
      Send us an email at
    </p>
    <a
      className="sc-AxirZ dxkyxw email"
      href="mailto:hello@codebar.io"
    >
      hello@codebar.io
    </a>
    <p
      className="sc-AxhCb kqIPop charityNo"
    >
      Registered UK and Wales charity no. 1187776
    </p>
    <p
      className="sc-AxhCb kqIPop"
    >
      Â© 2020 codebar
    </p>
  </div>
  <div
    className="sc-AxhUy hrqUPW"
  >
    <a
      className="sc-AxheI fniENP"
      href="https://slack.codebar.io/"
      target="_blank"
    >
      <img
        alt="Slack logo"
        className="sc-AxgMl deXZOn"
        src="slack-logo.svg"
      />
    </a>
    <a
      className="sc-AxheI fniENP"
      href="https://github.com/codebar"
      target="_blank"
    >
      <img
        alt="Github logo"
        className="sc-AxgMl deXZOn"
        src="github-logo.svg"
      />
    </a>
    <a
      className="sc-AxheI fniENP"
      href="https://twitter.com/codebar"
      target="_blank"
    >
      <img
        alt="Twitter logo"
        className="sc-AxgMl deXZOn"
        src="twitter-logo.svg"
      />
    </a>
    <a
      className="sc-AxheI fniENP"
      href="https://www.facebook.com/codebarHQ"
      target="_blank"
    >
      <img
        alt="Facebook logo"
        className="sc-AxgMl deXZOn"
        src="facebook-logo.svg"
      />
    </a>
  </div>
</footer>
`;
